mag 15, 2025 7:30:55 AM simple.logging.LoggerUtils logSevereAndThrow
GRAVE: !!!CRITICAL ERROR!!!
simple.file.CSVFileNotFoundException: Unable to get the dataset file!
	at theknife.Controller.initLists(Controller.java:185)
	at theknife.Controller.<init>(Controller.java:129)
	at theknife.TheKnife.initGUI(TheKnife.java:47)
	at theknife.TheKnife.<init>(TheKnife.java:34)
	at theknife.TheKnife.lambda$main$1(TheKnife.java:144)
	at java.awt.event.InvocationEvent.dispatch(InvocationEvent.java:311)
	at java.awt.EventQueue.dispatchEventImpl(EventQueue.java:756)
	at java.awt.EventQueue.access$500(EventQueue.java:97)
	at java.awt.EventQueue$3.run(EventQueue.java:709)
	at java.awt.EventQueue$3.run(EventQueue.java:703)
	at java.security.AccessController.doPrivileged(Native Method)
	at java.security.ProtectionDomain$JavaSecurityAccessImpl.doIntersectionPrivilege(ProtectionDomain.java:76)
	at java.awt.EventQueue.dispatchEvent(EventQueue.java:726)
	at java.awt.EventDispatchThread.pumpOneEventForFilters(EventDispatchThread.java:201)
	at java.awt.EventDispatchThread.pumpEventsForFilter(EventDispatchThread.java:116)
	at java.awt.EventDispatchThread.pumpEventsForHierarchy(EventDispatchThread.java:105)
	at java.awt.EventDispatchThread.pumpEvents(EventDispatchThread.java:101)
	at java.awt.EventDispatchThread.pumpEvents(EventDispatchThread.java:93)
	at java.awt.EventDispatchThread.run(EventDispatchThread.java:82)

mag 17, 2025 7:43:46 AM simple.logging.LoggerUtils logSevereAndThrow
GRAVE: Column not found in CSV headers: GUIDES_LEFT_SECTION
simple.file.CSVHeaderNotFoundException: The header given does not exist.
	at simple.file.CSV.read(CSV.java:136)
	at theknife.gui.RestaurantGUI.<init>(RestaurantGUI.java:308)
	at theknife.gui.PreviewRestaurant.btn_details_MouseClicked(PreviewRestaurant.java:177)
	at theknife.gui.PreviewRestaurant.access$100(PreviewRestaurant.java:24)
	at theknife.gui.PreviewRestaurant$2.mouseClicked(PreviewRestaurant.java:146)
	at java.awt.Component.processMouseEvent(Component.java:6536)
	at javax.swing.JComponent.processMouseEvent(JComponent.java:3324)
	at java.awt.Component.processEvent(Component.java:6298)
	at java.awt.Container.processEvent(Container.java:2236)
	at java.awt.Component.dispatchEventImpl(Component.java:4889)
	at java.awt.Container.dispatchEventImpl(Container.java:2294)
	at java.awt.Component.dispatchEvent(Component.java:4711)
	at java.awt.LightweightDispatcher.retargetMouseEvent(Container.java:4888)
	at java.awt.LightweightDispatcher.processMouseEvent(Container.java:4534)
	at java.awt.LightweightDispatcher.dispatchEvent(Container.java:4466)
	at java.awt.Container.dispatchEventImpl(Container.java:2280)
	at java.awt.Window.dispatchEventImpl(Window.java:2746)
	at java.awt.Component.dispatchEvent(Component.java:4711)
	at java.awt.EventQueue.dispatchEventImpl(EventQueue.java:758)
	at java.awt.EventQueue.access$500(EventQueue.java:97)
	at java.awt.EventQueue$3.run(EventQueue.java:709)
	at java.awt.EventQueue$3.run(EventQueue.java:703)
	at java.security.AccessController.doPrivileged(Native Method)
	at java.security.ProtectionDomain$JavaSecurityAccessImpl.doIntersectionPrivilege(ProtectionDomain.java:76)
	at java.security.ProtectionDomain$JavaSecurityAccessImpl.doIntersectionPrivilege(ProtectionDomain.java:86)
	at java.awt.EventQueue$4.run(EventQueue.java:731)
	at java.awt.EventQueue$4.run(EventQueue.java:729)
	at java.security.AccessController.doPrivileged(Native Method)
	at java.security.ProtectionDomain$JavaSecurityAccessImpl.doIntersectionPrivilege(ProtectionDomain.java:76)
	at java.awt.EventQueue.dispatchEvent(EventQueue.java:728)
	at java.awt.EventDispatchThread.pumpOneEventForFilters(EventDispatchThread.java:201)
	at java.awt.EventDispatchThread.pumpEventsForFilter(EventDispatchThread.java:116)
	at java.awt.EventDispatchThread.pumpEventsForHierarchy(EventDispatchThread.java:105)
	at java.awt.EventDispatchThread.pumpEvents(EventDispatchThread.java:101)
	at java.awt.EventDispatchThread.pumpEvents(EventDispatchThread.java:93)
	at java.awt.EventDispatchThread.run(EventDispatchThread.java:82)

mag 17, 2025 7:43:47 AM simple.logging.LoggerUtils logSevereAndThrow
GRAVE: Column not found in CSV headers: GUIDES_LEFT_SECTION
simple.file.CSVHeaderNotFoundException: The header given does not exist.
	at simple.file.CSV.read(CSV.java:136)
	at theknife.gui.RestaurantGUI.<init>(RestaurantGUI.java:308)
	at theknife.gui.PreviewRestaurant.btn_details_MouseClicked(PreviewRestaurant.java:177)
	at theknife.gui.PreviewRestaurant.access$100(PreviewRestaurant.java:24)
	at theknife.gui.PreviewRestaurant$2.mouseClicked(PreviewRestaurant.java:146)
	at java.awt.Component.processMouseEvent(Component.java:6536)
	at javax.swing.JComponent.processMouseEvent(JComponent.java:3324)
	at java.awt.Component.processEvent(Component.java:6298)
	at java.awt.Container.processEvent(Container.java:2236)
	at java.awt.Component.dispatchEventImpl(Component.java:4889)
	at java.awt.Container.dispatchEventImpl(Container.java:2294)
	at java.awt.Component.dispatchEvent(Component.java:4711)
	at java.awt.LightweightDispatcher.retargetMouseEvent(Container.java:4888)
	at java.awt.LightweightDispatcher.processMouseEvent(Container.java:4534)
	at java.awt.LightweightDispatcher.dispatchEvent(Container.java:4466)
	at java.awt.Container.dispatchEventImpl(Container.java:2280)
	at java.awt.Window.dispatchEventImpl(Window.java:2746)
	at java.awt.Component.dispatchEvent(Component.java:4711)
	at java.awt.EventQueue.dispatchEventImpl(EventQueue.java:758)
	at java.awt.EventQueue.access$500(EventQueue.java:97)
	at java.awt.EventQueue$3.run(EventQueue.java:709)
	at java.awt.EventQueue$3.run(EventQueue.java:703)
	at java.security.AccessController.doPrivileged(Native Method)
	at java.security.ProtectionDomain$JavaSecurityAccessImpl.doIntersectionPrivilege(ProtectionDomain.java:76)
	at java.security.ProtectionDomain$JavaSecurityAccessImpl.doIntersectionPrivilege(ProtectionDomain.java:86)
	at java.awt.EventQueue$4.run(EventQueue.java:731)
	at java.awt.EventQueue$4.run(EventQueue.java:729)
	at java.security.AccessController.doPrivileged(Native Method)
	at java.security.ProtectionDomain$JavaSecurityAccessImpl.doIntersectionPrivilege(ProtectionDomain.java:76)
	at java.awt.EventQueue.dispatchEvent(EventQueue.java:728)
	at java.awt.EventDispatchThread.pumpOneEventForFilters(EventDispatchThread.java:201)
	at java.awt.EventDispatchThread.pumpEventsForFilter(EventDispatchThread.java:116)
	at java.awt.EventDispatchThread.pumpEventsForHierarchy(EventDispatchThread.java:105)
	at java.awt.EventDispatchThread.pumpEvents(EventDispatchThread.java:101)
	at java.awt.EventDispatchThread.pumpEvents(EventDispatchThread.java:93)
	at java.awt.EventDispatchThread.run(EventDispatchThread.java:82)

mag 17, 2025 7:44:23 AM simple.logging.LoggerUtils logSevereAndThrow
GRAVE: Column not found in CSV headers: GUIDES_LEFT_SECTION
simple.file.CSVHeaderNotFoundException: The header given does not exist.
	at simple.file.CSV.read(CSV.java:136)
	at theknife.gui.RestaurantGUI.<init>(RestaurantGUI.java:308)
	at theknife.gui.PreviewRestaurant.btn_details_MouseClicked(PreviewRestaurant.java:177)
	at theknife.gui.PreviewRestaurant.access$100(PreviewRestaurant.java:24)
	at theknife.gui.PreviewRestaurant$2.mouseClicked(PreviewRestaurant.java:146)
	at java.awt.Component.processMouseEvent(Component.java:6536)
	at javax.swing.JComponent.processMouseEvent(JComponent.java:3324)
	at java.awt.Component.processEvent(Component.java:6298)
	at java.awt.Container.processEvent(Container.java:2236)
	at java.awt.Component.dispatchEventImpl(Component.java:4889)
	at java.awt.Container.dispatchEventImpl(Container.java:2294)
	at java.awt.Component.dispatchEvent(Component.java:4711)
	at java.awt.LightweightDispatcher.retargetMouseEvent(Container.java:4888)
	at java.awt.LightweightDispatcher.processMouseEvent(Container.java:4534)
	at java.awt.LightweightDispatcher.dispatchEvent(Container.java:4466)
	at java.awt.Container.dispatchEventImpl(Container.java:2280)
	at java.awt.Window.dispatchEventImpl(Window.java:2746)
	at java.awt.Component.dispatchEvent(Component.java:4711)
	at java.awt.EventQueue.dispatchEventImpl(EventQueue.java:758)
	at java.awt.EventQueue.access$500(EventQueue.java:97)
	at java.awt.EventQueue$3.run(EventQueue.java:709)
	at java.awt.EventQueue$3.run(EventQueue.java:703)
	at java.security.AccessController.doPrivileged(Native Method)
	at java.security.ProtectionDomain$JavaSecurityAccessImpl.doIntersectionPrivilege(ProtectionDomain.java:76)
	at java.security.ProtectionDomain$JavaSecurityAccessImpl.doIntersectionPrivilege(ProtectionDomain.java:86)
	at java.awt.EventQueue$4.run(EventQueue.java:731)
	at java.awt.EventQueue$4.run(EventQueue.java:729)
	at java.security.AccessController.doPrivileged(Native Method)
	at java.security.ProtectionDomain$JavaSecurityAccessImpl.doIntersectionPrivilege(ProtectionDomain.java:76)
	at java.awt.EventQueue.dispatchEvent(EventQueue.java:728)
	at java.awt.EventDispatchThread.pumpOneEventForFilters(EventDispatchThread.java:201)
	at java.awt.EventDispatchThread.pumpEventsForFilter(EventDispatchThread.java:116)
	at java.awt.EventDispatchThread.pumpEventsForHierarchy(EventDispatchThread.java:105)
	at java.awt.EventDispatchThread.pumpEvents(EventDispatchThread.java:101)
	at java.awt.EventDispatchThread.pumpEvents(EventDispatchThread.java:93)
	at java.awt.EventDispatchThread.run(EventDispatchThread.java:82)

mag 17, 2025 7:44:33 AM simple.logging.LoggerUtils logSevereAndThrow
GRAVE: Column not found in CSV headers: GUIDES_LEFT_SECTION
simple.file.CSVHeaderNotFoundException: The header given does not exist.
	at simple.file.CSV.read(CSV.java:136)
	at theknife.gui.RestaurantGUI.<init>(RestaurantGUI.java:308)
	at theknife.gui.PreviewRestaurant.btn_details_MouseClicked(PreviewRestaurant.java:177)
	at theknife.gui.PreviewRestaurant.access$100(PreviewRestaurant.java:24)
	at theknife.gui.PreviewRestaurant$2.mouseClicked(PreviewRestaurant.java:146)
	at java.awt.Component.processMouseEvent(Component.java:6536)
	at javax.swing.JComponent.processMouseEvent(JComponent.java:3324)
	at java.awt.Component.processEvent(Component.java:6298)
	at java.awt.Container.processEvent(Container.java:2236)
	at java.awt.Component.dispatchEventImpl(Component.java:4889)
	at java.awt.Container.dispatchEventImpl(Container.java:2294)
	at java.awt.Component.dispatchEvent(Component.java:4711)
	at java.awt.LightweightDispatcher.retargetMouseEvent(Container.java:4888)
	at java.awt.LightweightDispatcher.processMouseEvent(Container.java:4534)
	at java.awt.LightweightDispatcher.dispatchEvent(Container.java:4466)
	at java.awt.Container.dispatchEventImpl(Container.java:2280)
	at java.awt.Window.dispatchEventImpl(Window.java:2746)
	at java.awt.Component.dispatchEvent(Component.java:4711)
	at java.awt.EventQueue.dispatchEventImpl(EventQueue.java:758)
	at java.awt.EventQueue.access$500(EventQueue.java:97)
	at java.awt.EventQueue$3.run(EventQueue.java:709)
	at java.awt.EventQueue$3.run(EventQueue.java:703)
	at java.security.AccessController.doPrivileged(Native Method)
	at java.security.ProtectionDomain$JavaSecurityAccessImpl.doIntersectionPrivilege(ProtectionDomain.java:76)
	at java.security.ProtectionDomain$JavaSecurityAccessImpl.doIntersectionPrivilege(ProtectionDomain.java:86)
	at java.awt.EventQueue$4.run(EventQueue.java:731)
	at java.awt.EventQueue$4.run(EventQueue.java:729)
	at java.security.AccessController.doPrivileged(Native Method)
	at java.security.ProtectionDomain$JavaSecurityAccessImpl.doIntersectionPrivilege(ProtectionDomain.java:76)
	at java.awt.EventQueue.dispatchEvent(EventQueue.java:728)
	at java.awt.EventDispatchThread.pumpOneEventForFilters(EventDispatchThread.java:201)
	at java.awt.EventDispatchThread.pumpEventsForFilter(EventDispatchThread.java:116)
	at java.awt.EventDispatchThread.pumpEventsForHierarchy(EventDispatchThread.java:105)
	at java.awt.EventDispatchThread.pumpEvents(EventDispatchThread.java:101)
	at java.awt.EventDispatchThread.pumpEvents(EventDispatchThread.java:93)
	at java.awt.EventDispatchThread.run(EventDispatchThread.java:82)

mag 17, 2025 7:44:35 AM simple.logging.LoggerUtils logSevereAndThrow
GRAVE: Column not found in CSV headers: GUIDES_LEFT_SECTION
simple.file.CSVHeaderNotFoundException: The header given does not exist.
	at simple.file.CSV.read(CSV.java:136)
	at theknife.gui.RestaurantGUI.<init>(RestaurantGUI.java:308)
	at theknife.gui.PreviewRestaurant.btn_details_MouseClicked(PreviewRestaurant.java:177)
	at theknife.gui.PreviewRestaurant.access$100(PreviewRestaurant.java:24)
	at theknife.gui.PreviewRestaurant$2.mouseClicked(PreviewRestaurant.java:146)
	at java.awt.Component.processMouseEvent(Component.java:6536)
	at javax.swing.JComponent.processMouseEvent(JComponent.java:3324)
	at java.awt.Component.processEvent(Component.java:6298)
	at java.awt.Container.processEvent(Container.java:2236)
	at java.awt.Component.dispatchEventImpl(Component.java:4889)
	at java.awt.Container.dispatchEventImpl(Container.java:2294)
	at java.awt.Component.dispatchEvent(Component.java:4711)
	at java.awt.LightweightDispatcher.retargetMouseEvent(Container.java:4888)
	at java.awt.LightweightDispatcher.processMouseEvent(Container.java:4534)
	at java.awt.LightweightDispatcher.dispatchEvent(Container.java:4466)
	at java.awt.Container.dispatchEventImpl(Container.java:2280)
	at java.awt.Window.dispatchEventImpl(Window.java:2746)
	at java.awt.Component.dispatchEvent(Component.java:4711)
	at java.awt.EventQueue.dispatchEventImpl(EventQueue.java:758)
	at java.awt.EventQueue.access$500(EventQueue.java:97)
	at java.awt.EventQueue$3.run(EventQueue.java:709)
	at java.awt.EventQueue$3.run(EventQueue.java:703)
	at java.security.AccessController.doPrivileged(Native Method)
	at java.security.ProtectionDomain$JavaSecurityAccessImpl.doIntersectionPrivilege(ProtectionDomain.java:76)
	at java.security.ProtectionDomain$JavaSecurityAccessImpl.doIntersectionPrivilege(ProtectionDomain.java:86)
	at java.awt.EventQueue$4.run(EventQueue.java:731)
	at java.awt.EventQueue$4.run(EventQueue.java:729)
	at java.security.AccessController.doPrivileged(Native Method)
	at java.security.ProtectionDomain$JavaSecurityAccessImpl.doIntersectionPrivilege(ProtectionDomain.java:76)
	at java.awt.EventQueue.dispatchEvent(EventQueue.java:728)
	at java.awt.EventDispatchThread.pumpOneEventForFilters(EventDispatchThread.java:201)
	at java.awt.EventDispatchThread.pumpEventsForFilter(EventDispatchThread.java:116)
	at java.awt.EventDispatchThread.pumpEventsForHierarchy(EventDispatchThread.java:105)
	at java.awt.EventDispatchThread.pumpEvents(EventDispatchThread.java:101)
	at java.awt.EventDispatchThread.pumpEvents(EventDispatchThread.java:93)
	at java.awt.EventDispatchThread.run(EventDispatchThread.java:82)

mag 17, 2025 10:27:11 PM simple.logging.LoggerUtils logWarning
AVVERTENZA: Unable to set a personalized font: {0}
java.io.IOException: Can't read C:\Users\damio\Documents\NetBeansProjects\TheKnifeRepo\dist\img\Password.ttf
	at java.awt.Font.createFont(Font.java:1054)
	at theknife.gui.CustomCheckBox.<init>(CustomCheckBox.java:46)
	at theknife.gui.Login.initFields(Login.java:87)
	at theknife.gui.Login.initGUI(Login.java:64)
	at theknife.gui.Login.<init>(Login.java:54)
	at theknife.Controller.initFields(Controller.java:196)
	at theknife.Controller.initGUI(Controller.java:143)
	at theknife.Controller.<init>(Controller.java:131)
	at theknife.TheKnife.initGUI(TheKnife.java:47)
	at theknife.TheKnife.<init>(TheKnife.java:34)
	at theknife.TheKnife.lambda$main$1(TheKnife.java:157)
	at java.awt.event.InvocationEvent.dispatch(InvocationEvent.java:311)
	at java.awt.EventQueue.dispatchEventImpl(EventQueue.java:756)
	at java.awt.EventQueue.access$500(EventQueue.java:97)
	at java.awt.EventQueue$3.run(EventQueue.java:709)
	at java.awt.EventQueue$3.run(EventQueue.java:703)
	at java.security.AccessController.doPrivileged(Native Method)
	at java.security.ProtectionDomain$JavaSecurityAccessImpl.doIntersectionPrivilege(ProtectionDomain.java:76)
	at java.awt.EventQueue.dispatchEvent(EventQueue.java:726)
	at java.awt.EventDispatchThread.pumpOneEventForFilters(EventDispatchThread.java:201)
	at java.awt.EventDispatchThread.pumpEventsForFilter(EventDispatchThread.java:116)
	at java.awt.EventDispatchThread.pumpEventsForHierarchy(EventDispatchThread.java:105)
	at java.awt.EventDispatchThread.pumpEvents(EventDispatchThread.java:101)
	at java.awt.EventDispatchThread.pumpEvents(EventDispatchThread.java:93)
	at java.awt.EventDispatchThread.run(EventDispatchThread.java:82)

mag 17, 2025 10:27:11 PM simple.logging.LoggerUtils logWarning
AVVERTENZA: Unable to set a personalized font: {0}
java.io.IOException: Can't read C:\Users\damio\Documents\NetBeansProjects\TheKnifeRepo\dist\img\Password.ttf
	at java.awt.Font.createFont(Font.java:1054)
	at theknife.gui.CustomCheckBox.<init>(CustomCheckBox.java:46)
	at theknife.gui.LoginRestaurateur.initFields(LoginRestaurateur.java:85)
	at theknife.gui.LoginRestaurateur.initGUI(LoginRestaurateur.java:63)
	at theknife.gui.LoginRestaurateur.<init>(LoginRestaurateur.java:55)
	at theknife.Controller.initFields(Controller.java:197)
	at theknife.Controller.initGUI(Controller.java:143)
	at theknife.Controller.<init>(Controller.java:131)
	at theknife.TheKnife.initGUI(TheKnife.java:47)
	at theknife.TheKnife.<init>(TheKnife.java:34)
	at theknife.TheKnife.lambda$main$1(TheKnife.java:157)
	at java.awt.event.InvocationEvent.dispatch(InvocationEvent.java:311)
	at java.awt.EventQueue.dispatchEventImpl(EventQueue.java:756)
	at java.awt.EventQueue.access$500(EventQueue.java:97)
	at java.awt.EventQueue$3.run(EventQueue.java:709)
	at java.awt.EventQueue$3.run(EventQueue.java:703)
	at java.security.AccessController.doPrivileged(Native Method)
	at java.security.ProtectionDomain$JavaSecurityAccessImpl.doIntersectionPrivilege(ProtectionDomain.java:76)
	at java.awt.EventQueue.dispatchEvent(EventQueue.java:726)
	at java.awt.EventDispatchThread.pumpOneEventForFilters(EventDispatchThread.java:201)
	at java.awt.EventDispatchThread.pumpEventsForFilter(EventDispatchThread.java:116)
	at java.awt.EventDispatchThread.pumpEventsForHierarchy(EventDispatchThread.java:105)
	at java.awt.EventDispatchThread.pumpEvents(EventDispatchThread.java:101)
	at java.awt.EventDispatchThread.pumpEvents(EventDispatchThread.java:93)
	at java.awt.EventDispatchThread.run(EventDispatchThread.java:82)

mag 17, 2025 10:27:11 PM simple.logging.LoggerUtils logWarning
AVVERTENZA: Unable to set a personalized font: {0}
java.io.IOException: Can't read C:\Users\damio\Documents\NetBeansProjects\TheKnifeRepo\dist\img\Password.ttf
	at java.awt.Font.createFont(Font.java:1054)
	at theknife.gui.CustomCheckBox.<init>(CustomCheckBox.java:46)
	at theknife.gui.RegisterRestaurateur.initFields(RegisterRestaurateur.java:81)
	at theknife.gui.RegisterRestaurateur.initGUI(RegisterRestaurateur.java:57)
	at theknife.gui.RegisterRestaurateur.<init>(RegisterRestaurateur.java:49)
	at theknife.Controller.initFields(Controller.java:199)
	at theknife.Controller.initGUI(Controller.java:143)
	at theknife.Controller.<init>(Controller.java:131)
	at theknife.TheKnife.initGUI(TheKnife.java:47)
	at theknife.TheKnife.<init>(TheKnife.java:34)
	at theknife.TheKnife.lambda$main$1(TheKnife.java:157)
	at java.awt.event.InvocationEvent.dispatch(InvocationEvent.java:311)
	at java.awt.EventQueue.dispatchEventImpl(EventQueue.java:756)
	at java.awt.EventQueue.access$500(EventQueue.java:97)
	at java.awt.EventQueue$3.run(EventQueue.java:709)
	at java.awt.EventQueue$3.run(EventQueue.java:703)
	at java.security.AccessController.doPrivileged(Native Method)
	at java.security.ProtectionDomain$JavaSecurityAccessImpl.doIntersectionPrivilege(ProtectionDomain.java:76)
	at java.awt.EventQueue.dispatchEvent(EventQueue.java:726)
	at java.awt.EventDispatchThread.pumpOneEventForFilters(EventDispatchThread.java:201)
	at java.awt.EventDispatchThread.pumpEventsForFilter(EventDispatchThread.java:116)
	at java.awt.EventDispatchThread.pumpEventsForHierarchy(EventDispatchThread.java:105)
	at java.awt.EventDispatchThread.pumpEvents(EventDispatchThread.java:101)
	at java.awt.EventDispatchThread.pumpEvents(EventDispatchThread.java:93)
	at java.awt.EventDispatchThread.run(EventDispatchThread.java:82)

mag 18, 2025 7:45:31 AM simple.logging.LoggerUtils logWarning
AVVERTENZA: Unable to set a personalized font: {0}
java.io.IOException: Can't read C:\Users\damio\Documents\NetBeansProjects\TheKnifeRepo\dist\img\Password.ttf
	at java.awt.Font.createFont(Font.java:1054)
	at theknife.gui.CustomCheckBox.<init>(CustomCheckBox.java:46)
	at theknife.gui.Login.initFields(Login.java:87)
	at theknife.gui.Login.initGUI(Login.java:64)
	at theknife.gui.Login.<init>(Login.java:54)
	at theknife.Controller.initFields(Controller.java:196)
	at theknife.Controller.initGUI(Controller.java:143)
	at theknife.Controller.<init>(Controller.java:131)
	at theknife.TheKnife.initGUI(TheKnife.java:47)
	at theknife.TheKnife.<init>(TheKnife.java:34)
	at theknife.TheKnife.lambda$main$1(TheKnife.java:157)
	at java.awt.event.InvocationEvent.dispatch(InvocationEvent.java:311)
	at java.awt.EventQueue.dispatchEventImpl(EventQueue.java:756)
	at java.awt.EventQueue.access$500(EventQueue.java:97)
	at java.awt.EventQueue$3.run(EventQueue.java:709)
	at java.awt.EventQueue$3.run(EventQueue.java:703)
	at java.security.AccessController.doPrivileged(Native Method)
	at java.security.ProtectionDomain$JavaSecurityAccessImpl.doIntersectionPrivilege(ProtectionDomain.java:76)
	at java.awt.EventQueue.dispatchEvent(EventQueue.java:726)
	at java.awt.EventDispatchThread.pumpOneEventForFilters(EventDispatchThread.java:201)
	at java.awt.EventDispatchThread.pumpEventsForFilter(EventDispatchThread.java:116)
	at java.awt.EventDispatchThread.pumpEventsForHierarchy(EventDispatchThread.java:105)
	at java.awt.EventDispatchThread.pumpEvents(EventDispatchThread.java:101)
	at java.awt.EventDispatchThread.pumpEvents(EventDispatchThread.java:93)
	at java.awt.EventDispatchThread.run(EventDispatchThread.java:82)

mag 18, 2025 7:45:31 AM simple.logging.LoggerUtils logWarning
AVVERTENZA: Unable to set a personalized font: {0}
java.io.IOException: Can't read C:\Users\damio\Documents\NetBeansProjects\TheKnifeRepo\dist\img\Password.ttf
	at java.awt.Font.createFont(Font.java:1054)
	at theknife.gui.CustomCheckBox.<init>(CustomCheckBox.java:46)
	at theknife.gui.LoginRestaurateur.initFields(LoginRestaurateur.java:85)
	at theknife.gui.LoginRestaurateur.initGUI(LoginRestaurateur.java:63)
	at theknife.gui.LoginRestaurateur.<init>(LoginRestaurateur.java:55)
	at theknife.Controller.initFields(Controller.java:197)
	at theknife.Controller.initGUI(Controller.java:143)
	at theknife.Controller.<init>(Controller.java:131)
	at theknife.TheKnife.initGUI(TheKnife.java:47)
	at theknife.TheKnife.<init>(TheKnife.java:34)
	at theknife.TheKnife.lambda$main$1(TheKnife.java:157)
	at java.awt.event.InvocationEvent.dispatch(InvocationEvent.java:311)
	at java.awt.EventQueue.dispatchEventImpl(EventQueue.java:756)
	at java.awt.EventQueue.access$500(EventQueue.java:97)
	at java.awt.EventQueue$3.run(EventQueue.java:709)
	at java.awt.EventQueue$3.run(EventQueue.java:703)
	at java.security.AccessController.doPrivileged(Native Method)
	at java.security.ProtectionDomain$JavaSecurityAccessImpl.doIntersectionPrivilege(ProtectionDomain.java:76)
	at java.awt.EventQueue.dispatchEvent(EventQueue.java:726)
	at java.awt.EventDispatchThread.pumpOneEventForFilters(EventDispatchThread.java:201)
	at java.awt.EventDispatchThread.pumpEventsForFilter(EventDispatchThread.java:116)
	at java.awt.EventDispatchThread.pumpEventsForHierarchy(EventDispatchThread.java:105)
	at java.awt.EventDispatchThread.pumpEvents(EventDispatchThread.java:101)
	at java.awt.EventDispatchThread.pumpEvents(EventDispatchThread.java:93)
	at java.awt.EventDispatchThread.run(EventDispatchThread.java:82)

mag 18, 2025 7:45:31 AM simple.logging.LoggerUtils logWarning
AVVERTENZA: Unable to set a personalized font: {0}
java.io.IOException: Can't read C:\Users\damio\Documents\NetBeansProjects\TheKnifeRepo\dist\img\Password.ttf
	at java.awt.Font.createFont(Font.java:1054)
	at theknife.gui.CustomCheckBox.<init>(CustomCheckBox.java:46)
	at theknife.gui.RegisterRestaurateur.initFields(RegisterRestaurateur.java:81)
	at theknife.gui.RegisterRestaurateur.initGUI(RegisterRestaurateur.java:57)
	at theknife.gui.RegisterRestaurateur.<init>(RegisterRestaurateur.java:49)
	at theknife.Controller.initFields(Controller.java:199)
	at theknife.Controller.initGUI(Controller.java:143)
	at theknife.Controller.<init>(Controller.java:131)
	at theknife.TheKnife.initGUI(TheKnife.java:47)
	at theknife.TheKnife.<init>(TheKnife.java:34)
	at theknife.TheKnife.lambda$main$1(TheKnife.java:157)
	at java.awt.event.InvocationEvent.dispatch(InvocationEvent.java:311)
	at java.awt.EventQueue.dispatchEventImpl(EventQueue.java:756)
	at java.awt.EventQueue.access$500(EventQueue.java:97)
	at java.awt.EventQueue$3.run(EventQueue.java:709)
	at java.awt.EventQueue$3.run(EventQueue.java:703)
	at java.security.AccessController.doPrivileged(Native Method)
	at java.security.ProtectionDomain$JavaSecurityAccessImpl.doIntersectionPrivilege(ProtectionDomain.java:76)
	at java.awt.EventQueue.dispatchEvent(EventQueue.java:726)
	at java.awt.EventDispatchThread.pumpOneEventForFilters(EventDispatchThread.java:201)
	at java.awt.EventDispatchThread.pumpEventsForFilter(EventDispatchThread.java:116)
	at java.awt.EventDispatchThread.pumpEventsForHierarchy(EventDispatchThread.java:105)
	at java.awt.EventDispatchThread.pumpEvents(EventDispatchThread.java:101)
	at java.awt.EventDispatchThread.pumpEvents(EventDispatchThread.java:93)
	at java.awt.EventDispatchThread.run(EventDispatchThread.java:82)

